// Jest Snapshot v1, https://goo.gl/fbAQLP

exports[`Card matches snapshot 1`] = `
<div>
  <div
    class="card"
  >
    <div>
      Hello world
    </div>
  </div>
</div>
`;
